Administrator@DESKTOP-JPFA9ST MINGW64 /d/Android/demo (master)
$ git push -u origin master
fatal: HttpRequestException encountered.
   ▒▒▒▒▒▒▒▒ʱ▒▒▒▒
remote: Invalid username or password.
fatal: Authentication failed for 'https://github.com/SuperHeii/He.git/'

Administrator@DESKTOP-JPFA9ST MINGW64 /d/Android/demo (master)
$ ^C

Administrator@DESKTOP-JPFA9ST MINGW64 /d/Android/demo (master)
$ $ git push -u origin master
bash: $: command not found

Administrator@DESKTOP-JPFA9ST MINGW64 /d/Android/demo (master)
$ git push -u origin master
fatal: HttpRequestException encountered.
   ▒▒▒▒▒▒▒▒ʱ▒▒▒▒
remote: Invalid username or password.
fatal: Authentication failed for 'https://github.com/SuperHeii/He.git/'

Administrator@DESKTOP-JPFA9ST MINGW64 /d/Android/demo (master)
$ git push -u origin master
fatal: HttpRequestException encountered.
   ▒▒▒▒▒▒▒▒ʱ▒▒▒▒
Enumerating objects: 3, done.
Counting objects: 100% (3/3), done.
Writing objects: 100% (3/3), 216 bytes | 216.00 KiB/s, done.
Total 3 (delta 0), reused 0 (delta 0)
To https://github.com/SuperHeii/He.git
 * [new branch]      master -> master
Branch 'master' set up to track remote branch 'master' from 'origin'.

Administrator@DESKTOP-JPFA9ST MINGW64 /d/Android/demo (master)
$ vim 1.txt

Administrator@DESKTOP-JPFA9ST MINGW64 /d/Android/demo (master)
$ git add .
warning: LF will be replaced by CRLF in 1.txt.
The file will have its original line endings in your working directory

Administrator@DESKTOP-JPFA9ST MINGW64 /d/Android/demo (master)
$ git commit -m "add"
[master 89011d1] add
 1 file changed, 1 insertion(+)
 create mode 100644 1.txt

Administrator@DESKTOP-JPFA9ST MINGW64 /d/Android/demo (master)
$ git push
fatal: HttpRequestException encountered.
   ▒▒▒▒▒▒▒▒ʱ▒▒▒▒
Enumerating objects: 4, done.
Counting objects: 100% (4/4), done.
Delta compression using up to 4 threads
Compressing objects: 100% (2/2), done.
Writing objects: 100% (3/3), 279 bytes | 279.00 KiB/s, done.
Total 3 (delta 0), reused 0 (delta 0)
To https://github.com/SuperHeii/He.git
   d5561b0..89011d1  master -> master

Administrator@DESKTOP-JPFA9ST MINGW64 /d/Android/demo (master)
$ git pull
remote: Enumerating objects: 5, done.
remote: Counting objects: 100% (5/5), done.
remote: Compressing objects: 100% (2/2), done.
remote: Total 3 (delta 0), reused 0 (delta 0), pack-reused 0
Unpacking objects: 100% (3/3), done.
From https://github.com/SuperHeii/He
   89011d1..25c6b24  master     -> origin/master
Updating 89011d1..25c6b24
Fast-forward
 1.txt | 2 +-
 1 file changed, 1 insertion(+), 1 deletion(-)

Administrator@DESKTOP-JPFA9ST MINGW64 /d/Android/demo (master)
$ git branch devlop

Administrator@DESKTOP-JPFA9ST MINGW64 /d/Android/demo (master)
$ git branch -v
  devlop 25c6b24 Update 1.txt
* master 25c6b24 Update 1.txt

Administrator@DESKTOP-JPFA9ST MINGW64 /d/Android/demo (master)
$ git checkout devlop
Switched to branch 'devlop'

Administrator@DESKTOP-JPFA9ST MINGW64 /d/Android/demo (devlop)
$ ls
1.txt  README.md

Administrator@DESKTOP-JPFA9ST MINGW64 /d/Android/demo (devlop)
$ vim 1.txt

Administrator@DESKTOP-JPFA9ST MINGW64 /d/Android/demo (devlop)
$ git add .

Administrator@DESKTOP-JPFA9ST MINGW64 /d/Android/demo (devlop)
$ git commit -m "add 2"
[devlop 3f54cbc] add 2
 1 file changed, 1 insertion(+), 1 deletion(-)
 rewrite 1.txt (100%)

Administrator@DESKTOP-JPFA9ST MINGW64 /d/Android/demo (devlop)
$ git checkout master
Switched to branch 'master'
Your branch is up to date with 'origin/master'.

Administrator@DESKTOP-JPFA9ST MINGW64 /d/Android/demo (master)
$ ls
1.txt  README.md

Administrator@DESKTOP-JPFA9ST MINGW64 /d/Android/demo (master)
$ vim 1.txt

Administrator@DESKTOP-JPFA9ST MINGW64 /d/Android/demo (master)
$ git add .

Administrator@DESKTOP-JPFA9ST MINGW64 /d/Android/demo (master)
$ git commit -m "add 3"
[master 129e74d] add 3
 1 file changed, 2 insertions(+), 1 deletion(-)

Administrator@DESKTOP-JPFA9ST MINGW64 /d/Android/demo (master)
$ git merge devlop
Auto-merging 1.txt
CONFLICT (content): Merge conflict in 1.txt
Automatic merge failed; fix conflicts and then commit the result.

Administrator@DESKTOP-JPFA9ST MINGW64 /d/Android/demo (master|MERGING)
$ git add .

Administrator@DESKTOP-JPFA9ST MINGW64 /d/Android/demo (master|MERGING)
$ git commit -m "add 4"
[master e279213] add 4

Administrator@DESKTOP-JPFA9ST MINGW64 /d/Android/demo (master)
$ git push
Enumerating objects: 11, done.
Counting objects: 100% (11/11), done.
Delta compression using up to 4 threads
Compressing objects: 100% (7/7), done.
Writing objects: 100% (9/9), 796 bytes | 199.00 KiB/s, done.
Total 9 (delta 1), reused 0 (delta 0)
remote: Resolving deltas: 100% (1/1), done.
To https://github.com/SuperHeii/He.git
   25c6b24..e279213  master -> master
